Archive member included to satisfy reference by file (symbol)

d:/environments/embedded/gnu_tools_arm_embedded/bin/../lib/gcc/arm-none-eabi/10.3.1/thumb/v7-m/nofp\libgcc.a(unwind-arm.o)
                              CMakeFiles/Template_For_F103VET6.elf.dir/User/Drivers/Src/user_delayer.cpp.obj (__aeabi_unwind_cpp_pr0)
d:/environments/embedded/gnu_tools_arm_embedded/bin/../lib/gcc/arm-none-eabi/10.3.1/thumb/v7-m/nofp\libgcc.a(libunwind.o)
                              d:/environments/embedded/gnu_tools_arm_embedded/bin/../lib/gcc/arm-none-eabi/10.3.1/thumb/v7-m/nofp\libgcc.a(unwind-arm.o) (restore_core_regs)
d:/environments/embedded/gnu_tools_arm_embedded/bin/../lib/gcc/arm-none-eabi/10.3.1/thumb/v7-m/nofp\libgcc.a(pr-support.o)
                              d:/environments/embedded/gnu_tools_arm_embedded/bin/../lib/gcc/arm-none-eabi/10.3.1/thumb/v7-m/nofp\libgcc.a(unwind-arm.o) (__gnu_unwind_execute)
d:/environments/embedded/gnu_tools_arm_embedded/bin/../lib/gcc/arm-none-eabi/10.3.1/../../../../arm-none-eabi/lib/thumb/v7-m/nofp\libc.a(lib_a-abort.o)
                              d:/environments/embedded/gnu_tools_arm_embedded/bin/../lib/gcc/arm-none-eabi/10.3.1/thumb/v7-m/nofp\libgcc.a(unwind-arm.o) (abort)
d:/environments/embedded/gnu_tools_arm_embedded/bin/../lib/gcc/arm-none-eabi/10.3.1/../../../../arm-none-eabi/lib/thumb/v7-m/nofp\libc.a(lib_a-errno.o)
                              CMakeFiles/Template_For_F103VET6.elf.dir/Core/Src/syscalls.c.obj (__errno)
d:/environments/embedded/gnu_tools_arm_embedded/bin/../lib/gcc/arm-none-eabi/10.3.1/../../../../arm-none-eabi/lib/thumb/v7-m/nofp\libc.a(lib_a-exit.o)
                              d:/environments/embedded/gnu_tools_arm_embedded/bin/../lib/gcc/arm-none-eabi/10.3.1/../../../../arm-none-eabi/lib/thumb/v7-m/nofp/crt0.o (exit)
d:/environments/embedded/gnu_tools_arm_embedded/bin/../lib/gcc/arm-none-eabi/10.3.1/../../../../arm-none-eabi/lib/thumb/v7-m/nofp\libc.a(lib_a-impure.o)
                              d:/environments/embedded/gnu_tools_arm_embedded/bin/../lib/gcc/arm-none-eabi/10.3.1/../../../../arm-none-eabi/lib/thumb/v7-m/nofp\libc.a(lib_a-exit.o) (_global_impure_ptr)
d:/environments/embedded/gnu_tools_arm_embedded/bin/../lib/gcc/arm-none-eabi/10.3.1/../../../../arm-none-eabi/lib/thumb/v7-m/nofp\libc.a(lib_a-init.o)
                              d:/environments/embedded/gnu_tools_arm_embedded/bin/../lib/gcc/arm-none-eabi/10.3.1/../../../../arm-none-eabi/lib/thumb/v7-m/nofp/crt0.o (__libc_init_array)
d:/environments/embedded/gnu_tools_arm_embedded/bin/../lib/gcc/arm-none-eabi/10.3.1/../../../../arm-none-eabi/lib/thumb/v7-m/nofp\libc.a(lib_a-memcpy.o)
                              d:/environments/embedded/gnu_tools_arm_embedded/bin/../lib/gcc/arm-none-eabi/10.3.1/thumb/v7-m/nofp\libgcc.a(unwind-arm.o) (memcpy)
d:/environments/embedded/gnu_tools_arm_embedded/bin/../lib/gcc/arm-none-eabi/10.3.1/../../../../arm-none-eabi/lib/thumb/v7-m/nofp\libc.a(lib_a-memset.o)
                              d:/environments/embedded/gnu_tools_arm_embedded/bin/../lib/gcc/arm-none-eabi/10.3.1/../../../../arm-none-eabi/lib/thumb/v7-m/nofp/crt0.o (memset)
d:/environments/embedded/gnu_tools_arm_embedded/bin/../lib/gcc/arm-none-eabi/10.3.1/../../../../arm-none-eabi/lib/thumb/v7-m/nofp\libc.a(lib_a-signal.o)
                              d:/environments/embedded/gnu_tools_arm_embedded/bin/../lib/gcc/arm-none-eabi/10.3.1/../../../../arm-none-eabi/lib/thumb/v7-m/nofp\libc.a(lib_a-abort.o) (raise)
d:/environments/embedded/gnu_tools_arm_embedded/bin/../lib/gcc/arm-none-eabi/10.3.1/../../../../arm-none-eabi/lib/thumb/v7-m/nofp\libc.a(lib_a-signalr.o)
                              d:/environments/embedded/gnu_tools_arm_embedded/bin/../lib/gcc/arm-none-eabi/10.3.1/../../../../arm-none-eabi/lib/thumb/v7-m/nofp\libc.a(lib_a-signal.o) (_kill_r)
d:/environments/embedded/gnu_tools_arm_embedded/bin/../lib/gcc/arm-none-eabi/10.3.1/../../../../arm-none-eabi/lib/thumb/v7-m/nofp\libc.a(lib_a-strlen-stub.o)
                              CMakeFiles/Template_For_F103VET6.elf.dir/User/Drivers/Src/user_gpio.cpp.obj (strlen)
d:/environments/embedded/gnu_tools_arm_embedded/bin/../lib/gcc/arm-none-eabi/10.3.1/../../../../arm-none-eabi/lib/thumb/v7-m/nofp\libc.a(lib_a-__call_atexit.o)
                              d:/environments/embedded/gnu_tools_arm_embedded/bin/../lib/gcc/arm-none-eabi/10.3.1/../../../../arm-none-eabi/lib/thumb/v7-m/nofp\libc.a(lib_a-exit.o) (__call_exitprocs)
d:/environments/embedded/gnu_tools_arm_embedded/bin/../lib/gcc/arm-none-eabi/10.3.1/../../../../arm-none-eabi/lib/thumb/v7-m/nofp\libc.a(lib_a-atexit.o)
                              d:/environments/embedded/gnu_tools_arm_embedded/bin/../lib/gcc/arm-none-eabi/10.3.1/../../../../arm-none-eabi/lib/thumb/v7-m/nofp\libc.a(lib_a-__call_atexit.o) (atexit)
d:/environments/embedded/gnu_tools_arm_embedded/bin/../lib/gcc/arm-none-eabi/10.3.1/../../../../arm-none-eabi/lib/thumb/v7-m/nofp\libc.a(lib_a-fini.o)
[...]
Memory Configuration

Name             Origin             Length             Attributes
RAM              0x20000000         0x00010000         xrw
FLASH            0x08000000         0x00080000         xr
*default*        0x00000000         0xffffffff

Linker script and memory map

LOAD d:/environments/embedded/gnu_tools_arm_embedded/bin/../lib/gcc/arm-none-eabi/10.3.1/thumb/v7-m/nofp/crti.o
LOAD d:/environments/embedded/gnu_tools_arm_embedded/bin/../lib/gcc/arm-none-eabi/10.3.1/thumb/v7-m/nofp/crtbegin.o
LOAD d:/environments/embedded/gnu_tools_arm_embedded/bin/../lib/gcc/arm-none-eabi/10.3.1/../../../../arm-none-eabi/lib/thumb/v7-m/nofp/crt0.o
LOAD CMakeFiles/Template_For_F103VET6.elf.dir/Core/Src/main.c.obj
LOAD CMakeFiles/Template_For_F103VET6.elf.dir/Core/Src/stm32f10x_it.c.obj
LOAD CMakeFiles/Template_For_F103VET6.elf.dir/Core/Src/syscalls.c.obj
LOAD CMakeFiles/Template_For_F103VET6.elf.dir/Core/Startup/startup_stm32f103xe.s.obj
LOAD CMakeFiles/Template_For_F103VET6.elf.dir/Drivers/CMSIS/Device/system_stm32f10x.c.obj
LOAD CMakeFiles/Template_For_F103VET6.elf.dir/Drivers/STM32F10x_StdPeriph_Driver/Src/misc.c.obj
LOAD CMakeFiles/Template_For_F103VET6.elf.dir/Drivers/STM32F10x_StdPeriph_Driver/Src/stm32f10x_adc.c.obj
LOAD CMakeFiles/Template_For_F103VET6.elf.dir/Drivers/STM32F10x_StdPeriph_Driver/Src/stm32f10x_bkp.c.obj
LOAD CMakeFiles/Template_For_F103VET6.elf.dir/Drivers/STM32F10x_StdPeriph_Driver/Src/stm32f10x_can.c.obj
LOAD CMakeFiles/Template_For_F103VET6.elf.dir/Drivers/STM32F10x_StdPeriph_Driver/Src/stm32f10x_cec.c.obj
LOAD CMakeFiles/Template_For_F103VET6.elf.dir/Drivers/STM32F10x_StdPeriph_Driver/Src/stm32f10x_crc.c.obj
LOAD CMakeFiles/Template_For_F103VET6.elf.dir/Drivers/STM32F10x_StdPeriph_Driver/Src/stm32f10x_dac.c.obj
LOAD CMakeFiles/Template_For_F103VET6.elf.dir/Drivers/STM32F10x_StdPeriph_Driver/Src/stm32f10x_dbgmcu.c.obj
LOAD CMakeFiles/Template_For_F103VET6.elf.dir/Drivers/STM32F10x_StdPeriph_Driver/Src/stm32f10x_dma.c.obj
LOAD CMakeFiles/Template_For_F103VET6.elf.dir/Drivers/STM32F10x_StdPeriph_Driver/Src/stm32f10x_exti.c.obj
LOAD CMakeFiles/Template_For_F103VET6.elf.dir/Drivers/STM32F10x_StdPeriph_Driver/Src/stm32f10x_flash.c.obj
LOAD CMakeFiles/Template_For_F103VET6.elf.dir/Drivers/STM32F10x_StdPeriph_Driver/Src/stm32f10x_fsmc.c.obj
LOAD CMakeFiles/Template_For_F103VET6.elf.dir/Drivers/STM32F10x_StdPeriph_Driver/Src/stm32f10x_gpio.c.obj
LOAD CMakeFiles/Template_For_F103VET6.elf.dir/Drivers/STM32F10x_StdPeriph_Driver/Src/stm32f10x_i2c.c.obj
LOAD CMakeFiles/Template_For_F103VET6.elf.dir/Drivers/STM32F10x_StdPeriph_Driver/Src/stm32f10x_iwdg.c.obj
LOAD CMakeFiles/Template_For_F103VET6.elf.dir/Drivers/STM32F10x_StdPeriph_Driver/Src/stm32f10x_pwr.c.obj
LOAD CMakeFiles/Template_For_F103VET6.elf.dir/Drivers/STM32F10x_StdPeriph_Driver/Src/stm32f10x_rcc.c.obj
LOAD CMakeFiles/Template_For_F103VET6.elf.dir/Drivers/STM32F10x_StdPeriph_Driver/Src/stm32f10x_rtc.c.obj
LOAD CMakeFiles/Template_For_F103VET6.elf.dir/Drivers/STM32F10x_StdPeriph_Driver/Src/stm32f10x_sdio.c.obj
LOAD CMakeFiles/Template_For_F103VET6.elf.dir/Drivers/STM32F10x_StdPeriph_Driver/Src/stm32f10x_spi.c.obj
LOAD CMakeFiles/Template_For_F103VET6.elf.dir/Drivers/STM32F10x_StdPeriph_Driver/Src/stm32f10x_tim.c.obj
LOAD CMakeFiles/Template_For_F103VET6.elf.dir/Drivers/STM32F10x_StdPeriph_Driver/Src/stm32f10x_usart.c.obj
LOAD CMakeFiles/Template_For_F103VET6.elf.dir/Drivers/STM32F10x_StdPeriph_Driver/Src/stm32f10x_wwdg.c.obj
LOAD CMakeFiles/Template_For_F103VET6.elf.dir/User/Drivers/Src/user_delayer.cpp.obj
LOAD CMakeFiles/Template_For_F103VET6.elf.dir/User/Drivers/Src/user_gpio.cpp.obj
LOAD CMakeFiles/Template_For_F103VET6.elf.dir/User/Drivers/Src/user_key.cpp.obj
LOAD CMakeFiles/Template_For_F103VET6.elf.dir/User/Drivers/Src/user_led.cpp.obj
LOAD CMakeFiles/Template_For_F103VET6.elf.dir/User/Drivers/Src/user_rcc.cpp.obj
LOAD CMakeFiles/Template_For_F103VET6.elf.dir/User/Drivers/Src/user_tim.cpp.obj
LOAD CMakeFiles/Template_For_F103VET6.elf.dir/User/main.cpp.obj
LOAD d:/environments/embedded/gnu_tools_arm_embedded/bin/../lib/gcc/arm-none-eabi/10.3.1/../../../../arm-none-eabi/lib/thumb/v7-m/nofp\libstdc++.a
LOAD d:/environments/embedded/gnu_tools_arm_embedded/bin/../lib/gcc/arm-none-eabi/10.3.1/../../../../arm-none-eabi/lib/thumb/v7-m/nofp\libm.a
START GROUP
LOAD d:/environments/embedded/gnu_tools_arm_embedded/bin/../lib/gcc/arm-none-eabi/10.3.1/thumb/v7-m/nofp\libgcc.a
LOAD d:/environments/embedded/gnu_tools_arm_embedded/bin/../lib/gcc/arm-none-eabi/10.3.1/../../../../arm-none-eabi/lib/thumb/v7-m/nofp\libc.a
END GROUP
LOAD d:/environments/embedded/gnu_tools_arm_embedded/bin/../lib/gcc/arm-none-eabi/10.3.1/thumb/v7-m/nofp/crtend.o
LOAD d:/environments/embedded/gnu_tools_arm_embedded/bin/../lib/gcc/arm-none-eabi/10.3.1/thumb/v7-m/nofp/crtn.o
                0x20010000                _estack = (ORIGIN (RAM) + LENGTH (RAM))
                0x00000200                _Min_Heap_Size = 0x200
                0x00000400                _Min_Stack_Size = 0x400

.isr_vector     0x08000000      0x1e4
                0x08000000                . = ALIGN (0x4)
 *(.isr_vector)
 .isr_vector    0x08000000      0x1e4 CMakeFiles/Template_For_F103VET6.elf.dir/Core/Startup/startup_stm32f103xe.s.obj
                0x08000000                g_pfnVectors
                0x080001e4                . = ALIGN (0x4)

.text           0x080001e4     0x1bd0
                0x080001e4                . = ALIGN (0x4)
 *(.text)
 .text          0x080001e4       0x40 d:/environments/embedded/gnu_tools_arm_embedded/bin/../lib/gcc/arm-none-eabi/10.3.1/thumb/v7-m/nofp/crtbegin.o
 .text          0x08000224      0x9e4 d:/environments/embedded/gnu_tools_arm_embedded/bin/../lib/gcc/arm-none-eabi/10.3.1/thumb/v7-m/nofp\libgcc.a(unwind-arm.o)
                0x080004e4                _Unwind_GetCFA
                0x080004e8                __gnu_Unwind_RaiseException
                0x08000550                __gnu_Unwind_ForcedUnwind
                0x08000564                __gnu_Unwind_Resume
                0x080005a8                __gnu_Unwind_Resume_or_Rethrow
                0x080005bc                _Unwind_Complete
                0x080005c0                _Unwind_DeleteException
                0x080005cc                _Unwind_VRS_Get
                0x08000618                _Unwind_VRS_Set
                0x08000660                __gnu_Unwind_Backtrace
                0x08000988                __aeabi_unwind_cpp_pr0
                0x0800098c                __aeabi_unwind_cpp_pr1
                0x08000990                __aeabi_unwind_cpp_pr2
                0x08000994                _Unwind_VRS_Pop
 .text          0x08000c08      0x1ac d:/environments/embedded/gnu_tools_arm_embedded/bin/../lib/gcc/arm-none-eabi/10.3.1/thumb/v7-m/nofp\libgcc.a(libunwind.o)
                0x08000c08                __restore_core_regs
                0x08000c08                restore_core_regs
                0x08000c20                __gnu_Unwind_Restore_VFP
                0x08000c28                __gnu_Unwind_Save_VFP
                0x08000c30                __gnu_Unwind_Restore_VFP_D
                0x08000c38                __gnu_Unwind_Save_VFP_D
                0x08000c40                __gnu_Unwind_Restore_VFP_D_16_to_31
                0x08000c48                __gnu_Unwind_Save_VFP_D_16_to_31
                0x08000c50                __gnu_Unwind_Restore_WMMXD
                0x08000c94                __gnu_Unwind_Save_WMMXD
                0x08000cd8                __gnu_Unwind_Restore_WMMXC
                0x08000cec                __gnu_Unwind_Save_WMMXC
                0x08000d00                ___Unwind_RaiseException
                0x08000d00                _Unwind_RaiseException
                0x08000d24                _Unwind_Resume
                0x08000d24                ___Unwind_Resume
                0x08000d48                _Unwind_Resume_or_Rethrow
                0x08000d48                ___Unwind_Resume_or_Rethrow
                0x08000d6c                _Unwind_ForcedUnwind
                0x08000d6c                ___Unwind_ForcedUnwind
                0x08000d90                ___Unwind_Backtrace
                0x08000d90                _Unwind_Backtrace
 .text          0x08000db4      0x38c d:/environments/embedded/gnu_tools_arm_embedded/bin/../lib/gcc/arm-none-eabi/10.3.1/thumb/v7-m/nofp\libgcc.a(pr-support.o)
                0x08000e0c                __gnu_unwind_execute
                0x080010f0                __gnu_unwind_frame
                0x08001120                _Unwind_GetRegionStart
                0x0800112c                _Unwind_GetLanguageSpecificData
 .text          0x08001140       0xec d:/environments/embedded/gnu_tools_arm_embedded/bin/../lib/gcc/arm-none-eabi/10.3.1/../../../../arm-none-eabi/lib/thumb/v7-m/nofp\libc.a(lib_a-memcpy.o)
                0x08001140                memcpy
 *(.text*)
 .text.startup.main
                0x0800122c        0x8 CMakeFiles/Template_For_F103VET6.elf.dir/Core/Src/main.c.obj
                0x0800122c                main
 .text.NMI_Handler
                0x08001234        0x4 CMakeFiles/Template_For_F103VET6.elf.dir/Core/Src/stm32f10x_it.c.obj
                0x08001234                NMI_Handler
 .text.HardFault_Handler
                0x08001238        0x4 CMakeFiles/Template_For_F103VET6.elf.dir/Core/Src/stm32f10x_it.c.obj
                0x08001238                HardFault_Handler
 .text.MemManage_Handler
                0x0800123c        0x4 CMakeFiles/Template_For_F103VET6.elf.dir/Core/Src/stm32f10x_it.c.obj
                0x0800123c                MemManage_Handler
 .text.BusFault_Handler
                0x08001240        0x4 CMakeFiles/Template_For_F103VET6.elf.dir/Core/Src/stm32f10x_it.c.obj
                0x08001240                BusFault_Handler
 .text.UsageFault_Handler
                0x08001244        0x4 CMakeFiles/Template_For_F103VET6.elf.dir/Core/Src/stm32f10x_it.c.obj
                0x08001244                UsageFault_Handler
 .text.SVC_Handler
                0x08001248        0x4 CMakeFiles/Template_For_F103VET6.elf.dir/Core/Src/stm32f10x_it.c.obj
                0x08001248                SVC_Handler
 .text.DebugMon_Handler
                0x0800124c        0x4 CMakeFiles/Template_For_F103VET6.elf.dir/Core/Src/stm32f10x_it.c.obj
                0x0800124c                DebugMon_Handler
 .text.PendSV_Handler
                0x08001250        0x4 CMakeFiles/Template_For_F103VET6.elf.dir/Core/Src/stm32f10x_it.c.obj
                0x08001250                PendSV_Handler
 .text.SysTick_Handler
                0x08001254        0x4 CMakeFiles/Template_For_F103VET6.elf.dir/Core/Src/stm32f10x_it.c.obj
                0x08001254                SysTick_Handler
 .text._getpid  0x08001258        0x4 CMakeFiles/Template_For_F103VET6.elf.dir/Core/Src/syscalls.c.obj
                0x08001258                _getpid
 .text._kill    0x0800125c       0x14 CMakeFiles/Template_For_F103VET6.elf.dir/Core/Src/syscalls.c.obj
                0x0800125c                _kill
 .text._exit    0x08001270        0xc CMakeFiles/Template_For_F103VET6.elf.dir/Core/Src/syscalls.c.obj
                0x08001270                _exit
 .text.Reset_Handler
                0x0800127c       0x48 CMakeFiles/Template_For_F103VET6.elf.dir/Core/Startup/startup_stm32f103xe.s.obj
                0x0800127c                Reset_Handler
 .text.Default_Handler
                0x080012c4        0x2 CMakeFiles/Template_For_F103VET6.elf.dir/Core/Startup/startup_stm32f103xe.s.obj
                0x080012c4                RTC_Alarm_IRQHandler
                0x080012c4                EXTI2_IRQHandler
                0x080012c4                TIM8_TRG_COM_IRQHandler
                0x080012c4                TIM8_CC_IRQHandler
                0x080012c4                TIM1_CC_IRQHandler
                0x080012c4                TIM6_IRQHandler
                0x080012c4                PVD_IRQHandler
                0x080012c4                SDIO_IRQHandler
                0x080012c4                EXTI3_IRQHandler
                0x080012c4                EXTI0_IRQHandler
                0x080012c4                I2C2_EV_IRQHandler
                0x080012c4                ADC1_2_IRQHandler
                0x080012c4                SPI1_IRQHandler
                0x080012c4                TAMPER_IRQHandler
                0x080012c4                TIM8_UP_IRQHandler
                0x080012c4                DMA2_Channel2_IRQHandler
                0x080012c4                DMA1_Channel4_IRQHandler
                0x080012c4                USART3_IRQHandler
                0x080012c4                RTC_IRQHandler
                0x080012c4                DMA1_Channel7_IRQHandler
                0x080012c4                CAN1_RX1_IRQHandler
                0x080012c4                UART5_IRQHandler
                0x080012c4                ADC3_IRQHandler
                0x080012c4                TIM4_IRQHandler
                0x080012c4                DMA2_Channel1_IRQHandler
                0x080012c4                I2C1_EV_IRQHandler
                0x080012c4                DMA1_Channel6_IRQHandler
                0x080012c4                UART4_IRQHandler
                0x080012c4                TIM3_IRQHandler
                0x080012c4                RCC_IRQHandler
                0x080012c4                TIM1_TRG_COM_IRQHandler
                0x080012c4                DMA1_Channel1_IRQHandler
                0x080012c4                Default_Handler
                0x080012c4                EXTI15_10_IRQHandler
                0x080012c4                TIM7_IRQHandler
                0x080012c4                TIM5_IRQHandler
                0x080012c4                EXTI9_5_IRQHandler
                0x080012c4                SPI2_IRQHandler
                0x080012c4                DMA1_Channel5_IRQHandler
                0x080012c4                EXTI4_IRQHandler
                0x080012c4                USB_LP_CAN1_RX0_IRQHandler
                0x080012c4                USB_HP_CAN1_TX_IRQHandler
                0x080012c4                DMA1_Channel3_IRQHandler
                0x080012c4                FSMC_IRQHandler
                0x080012c4                TIM1_UP_IRQHandler
                0x080012c4                WWDG_IRQHandler
                0x080012c4                TIM1_BRK_IRQHandler
                0x080012c4                EXTI1_IRQHandler
                0x080012c4                DMA2_Channel4_5_IRQHandler
                0x080012c4                USART2_IRQHandler
                0x080012c4                I2C2_ER_IRQHandler
                0x080012c4                DMA1_Channel2_IRQHandler
                0x080012c4                TIM8_BRK_IRQHandler
                0x080012c4                CAN1_SCE_IRQHandler
                0x080012c4                FLASH_IRQHandler
                0x080012c4                USART1_IRQHandler
                0x080012c4                SPI3_IRQHandler
                0x080012c4                I2C1_ER_IRQHandler
                0x080012c4                USBWakeUp_IRQHandler
                0x080012c4                DMA2_Channel3_IRQHandler
 *fill*         0x080012c6        0x2 
 .text.SystemInit
                0x080012c8      0x100 CMakeFiles/Template_For_F103VET6.elf.dir/Drivers/CMSIS/Device/system_stm32f10x.c.obj
                0x080012c8                SystemInit
 .text.NVIC_PriorityGroupConfig
                0x080013c8       0x14 CMakeFiles/Template_For_F103VET6.elf.dir/Drivers/STM32F10x_StdPeriph_Driver/Src/misc.c.obj
                0x080013c8                NVIC_PriorityGroupConfig
 .text.NVIC_Init
                0x080013dc       0x6c CMakeFiles/Template_For_F103VET6.elf.dir/Drivers/STM32F10x_StdPeriph_Driver/Src/misc.c.obj
                0x080013dc                NVIC_Init
 .text.GPIO_Init
                0x08001448      0x324 CMakeFiles/Template_For_F103VET6.elf.dir/Drivers/STM32F10x_StdPeriph_Driver/Src/stm32f10x_gpio.c.obj
                0x08001448                GPIO_Init
 .text.GPIO_ReadInputDataBit
                0x0800176c        0xc CMakeFiles/Template_For_F103VET6.elf.dir/Drivers/STM32F10x_StdPeriph_Driver/Src/stm32f10x_gpio.c.obj
                0x0800176c                GPIO_ReadInputDataBit
 .text.GPIO_ReadOutputDataBit
                0x08001778        0xc CMakeFiles/Template_For_F103VET6.elf.dir/Drivers/STM32F10x_StdPeriph_Driver/Src/stm32f10x_gpio.c.obj
                0x08001778                GPIO_ReadOutputDataBit
 .text.GPIO_WriteBit
                0x08001784        0xc CMakeFiles/Template_For_F103VET6.elf.dir/Drivers/STM32F10x_StdPeriph_Driver/Src/stm32f10x_gpio.c.obj
                0x08001784                GPIO_WriteBit
 .text.RCC_APB2PeriphClockCmd
                0x08001790       0x18 CMakeFiles/Template_For_F103VET6.elf.dir/Drivers/STM32F10x_StdPeriph_Driver/Src/stm32f10x_rcc.c.obj
                0x08001790                RCC_APB2PeriphClockCmd
 .text.RCC_APB1PeriphClockCmd
                0x080017a8       0x18 CMakeFiles/Template_For_F103VET6.elf.dir/Drivers/STM32F10x_StdPeriph_Driver/Src/stm32f10x_rcc.c.obj
                0x080017a8                RCC_APB1PeriphClockCmd
 .text.TIM_TimeBaseInit
                0x080017c0       0xac CMakeFiles/Template_For_F103VET6.elf.dir/Drivers/STM32F10x_StdPeriph_Driver/Src/stm32f10x_tim.c.obj
                0x080017c0                TIM_TimeBaseInit
 .text.TIM_Cmd  0x0800186c       0x1c CMakeFiles/Template_For_F103VET6.elf.dir/Drivers/STM32F10x_StdPeriph_Driver/Src/stm32f10x_tim.c.obj
                0x0800186c                TIM_Cmd
 .text.TIM_ITConfig
                0x08001888       0x14 CMakeFiles/Template_For_F103VET6.elf.dir/Drivers/STM32F10x_StdPeriph_Driver/Src/stm32f10x_tim.c.obj
                0x08001888                TIM_ITConfig
 .text.TIM_InternalClockConfig
                0x0800189c       0x10 CMakeFiles/Template_For_F103VET6.elf.dir/Drivers/STM32F10x_StdPeriph_Driver/Src/stm32f10x_tim.c.obj
                0x0800189c                TIM_InternalClockConfig
 .text.TIM_GetITStatus
                0x080018ac       0x18 CMakeFiles/Template_For_F103VET6.elf.dir/Drivers/STM32F10x_StdPeriph_Driver/Src/stm32f10x_tim.c.obj
                0x080018ac                TIM_GetITStatus
 .text.TIM_ClearITPendingBit
                0x080018c4        0x8 CMakeFiles/Template_For_F103VET6.elf.dir/Drivers/STM32F10x_StdPeriph_Driver/Src/stm32f10x_tim.c.obj
                0x080018c4                TIM_ClearITPendingBit
 .text._ZN8UserGPIOC2Ev
                0x080018cc       0x24 CMakeFiles/Template_For_F103VET6.elf.dir/User/Drivers/Src/user_gpio.cpp.obj
                0x080018cc                UserGPIO::UserGPIO()
                0x080018cc                UserGPIO::UserGPIO()
 .text._ZN8UserGPIOC2EPKc
                0x080018f0       0x90 CMakeFiles/Template_For_F103VET6.elf.dir/User/Drivers/Src/user_gpio.cpp.obj
                0x080018f0                UserGPIO::UserGPIO(char const*)
                0x080018f0                UserGPIO::UserGPIO(char const*)
 .text._ZN8UserGPIO7setModeE16GPIOMode_TypeDef
                0x08001980       0x30 CMakeFiles/Template_For_F103VET6.elf.dir/User/Drivers/Src/user_gpio.cpp.obj
                0x08001980                UserGPIO::setMode(GPIOMode_TypeDef)
 .text._ZN8UserGPIO8setStateE9BitAction
                0x080019b0       0x20 CMakeFiles/Template_For_F103VET6.elf.dir/User/Drivers/Src/user_gpio.cpp.obj
                0x080019b0                UserGPIO::setState(BitAction)
 .text._ZN8UserGPIO8getStateEv
                0x080019d0       0x14 CMakeFiles/Template_For_F103VET6.elf.dir/User/Drivers/Src/user_gpio.cpp.obj
                0x080019d0                UserGPIO::getState()
 .text._ZN7UserKeyC2ERK8UserGPIOb
                0x080019e4       0x3c CMakeFiles/Template_For_F103VET6.elf.dir/User/Drivers/Src/user_key.cpp.obj
                0x080019e4                UserKey::UserKey(UserGPIO const&, bool)
                0x080019e4                UserKey::UserKey(UserGPIO const&, bool)
 .text._ZN7UserLEDC2ERK8UserGPIO
                0x08001a20       0x30 CMakeFiles/Template_For_F103VET6.elf.dir/User/Drivers/Src/user_led.cpp.obj
                0x08001a20                UserLED::UserLED(UserGPIO const&)
                0x08001a20                UserLED::UserLED(UserGPIO const&)
 .text._ZN7UserLED6toggleEv
                0x08001a50       0x1c CMakeFiles/Template_For_F103VET6.elf.dir/User/Drivers/Src/user_led.cpp.obj
                0x08001a50                UserLED::toggle()
 .text._ZN7UserRCC15EnableGPIOClockEP12GPIO_TypeDef
                0x08001a6c       0x10 CMakeFiles/Template_For_F103VET6.elf.dir/User/Drivers/Src/user_rcc.cpp.obj
                0x08001a6c                UserRCC::EnableGPIOClock(GPIO_TypeDef*)
 .text._ZN7UserTIMC2EP11TIM_TypeDeftt
                0x08001a7c       0x70 CMakeFiles/Template_For_F103VET6.elf.dir/User/Drivers/Src/user_tim.cpp.obj
                0x08001a7c                UserTIM::UserTIM(TIM_TypeDef*, unsigned short, unsigned short)
                0x08001a7c                UserTIM::UserTIM(TIM_TypeDef*, unsigned short, unsigned short)
 .text._Z13Example_Timerv
                0x08001aec       0x18 CMakeFiles/Template_For_F103VET6.elf.dir/User/main.cpp.obj
                0x08001aec                Example_Timer()
 .text.TIM2_IRQHandler
                0x08001b04       0x2c CMakeFiles/Template_For_F103VET6.elf.dir/User/main.cpp.obj
                0x08001b04                TIM2_IRQHandler
 .text.Main     0x08001b30        0x8 CMakeFiles/Template_For_F103VET6.elf.dir/User/main.cpp.obj
                0x08001b30                Main
 .text.startup._GLOBAL__sub_I_led
                0x08001b38       0x3c CMakeFiles/Template_For_F103VET6.elf.dir/User/main.cpp.obj
 .text.abort    0x08001b74       0x10 d:/environments/embedded/gnu_tools_arm_embedded/bin/../lib/gcc/arm-none-eabi/10.3.1/../../../../arm-none-eabi/lib/thumb/v7-m/nofp\libc.a(lib_a-abort.o)
                0x08001b74                abort
 .text.__errno  0x08001b84        0xc d:/environments/embedded/gnu_tools_arm_embedded/bin/../lib/gcc/arm-none-eabi/10.3.1/../../../../arm-none-eabi/lib/thumb/v7-m/nofp\libc.a(lib_a-errno.o)
                0x08001b84                __errno
 .text.__libc_init_array
                0x08001b90       0x48 d:/environments/embedded/gnu_tools_arm_embedded/bin/../lib/gcc/arm-none-eabi/10.3.1/../../../../arm-none-eabi/lib/thumb/v7-m/nofp\libc.a(lib_a-init.o)
                0x08001b90                __libc_init_array
 .text.raise    0x08001bd8       0x5c d:/environments/embedded/gnu_tools_arm_embedded/bin/../lib/gcc/arm-none-eabi/10.3.1/../../../../arm-none-eabi/lib/thumb/v7-m/nofp\libc.a(lib_a-signal.o)
                0x08001bd8                raise
 .text._kill_r  0x08001c34       0x28 d:/environments/embedded/gnu_tools_arm_embedded/bin/../lib/gcc/arm-none-eabi/10.3.1/../../../../arm-none-eabi/lib/thumb/v7-m/nofp\libc.a(lib_a-signalr.o)
                0x08001c34                _kill_r
 .text._getpid_r
                0x08001c5c        0x4 d:/environments/embedded/gnu_tools_arm_embedded/bin/../lib/gcc/arm-none-eabi/10.3.1/../../../../arm-none-eabi/lib/thumb/v7-m/nofp\libc.a(lib_a-signalr.o)
                0x08001c5c                _getpid_r
 .text.strlen   0x08001c60       0x5c d:/environments/embedded/gnu_tools_arm_embedded/bin/../lib/gcc/arm-none-eabi/10.3.1/../../../../arm-none-eabi/lib/thumb/v7-m/nofp\libc.a(lib_a-strlen-stub.o)
                0x08001c60                strlen
 .text.startup.register_fini
                0x08001cbc       0x14 d:/environments/embedded/gnu_tools_arm_embedded/bin/../lib/gcc/arm-none-eabi/10.3.1/../../../../arm-none-eabi/lib/thumb/v7-m/nofp\libc.a(lib_a-__call_atexit.o)
 .text.atexit   0x08001cd0        0xc d:/environments/embedded/gnu_tools_arm_embedded/bin/../lib/gcc/arm-none-eabi/10.3.1/../../../../arm-none-eabi/lib/thumb/v7-m/nofp\libc.a(lib_a-atexit.o)
                0x08001cd0                atexit
 .text.__libc_fini_array
                0x08001cdc       0x2c d:/environments/embedded/gnu_tools_arm_embedded/bin/../lib/gcc/arm-none-eabi/10.3.1/../../../../arm-none-eabi/lib/thumb/v7-m/nofp\libc.a(lib_a-fini.o)
                0x08001cdc                __libc_fini_array
 .text.__retarget_lock_acquire_recursive
                0x08001d08        0x4 d:/environments/embedded/gnu_tools_arm_embedded/bin/../lib/gcc/arm-none-eabi/10.3.1/../../../../arm-none-eabi/lib/thumb/v7-m/nofp\libc.a(lib_a-lock.o)
                0x08001d08                __retarget_lock_acquire_recursive
 .text.__retarget_lock_release_recursive
                0x08001d0c        0x4 d:/environments/embedded/gnu_tools_arm_embedded/bin/../lib/gcc/arm-none-eabi/10.3.1/../../../../arm-none-eabi/lib/thumb/v7-m/nofp\libc.a(lib_a-lock.o)
                0x08001d0c                __retarget_lock_release_recursive
 .text.__register_exitproc
                0x08001d10       0x8c d:/environments/embedded/gnu_tools_arm_embedded/bin/../lib/gcc/arm-none-eabi/10.3.1/../../../../arm-none-eabi/lib/thumb/v7-m/nofp\libc.a(lib_a-__atexit.o)
                0x08001d10                __register_exitproc
 *(.glue_7)
 .glue_7        0x08001d9c        0x0 linker stubs
 *(.glue_7t)
 .glue_7t       0x08001d9c        0x0 linker stubs
 *(.eh_frame)
 .eh_frame      0x08001d9c        0x0 d:/environments/embedded/gnu_tools_arm_embedded/bin/../lib/gcc/arm-none-eabi/10.3.1/thumb/v7-m/nofp/crtbegin.o
 *(.init)
 .init          0x08001d9c        0x4 d:/environments/embedded/gnu_tools_arm_embedded/bin/../lib/gcc/arm-none-eabi/10.3.1/thumb/v7-m/nofp/crti.o
                0x08001d9c                _init
 .init          0x08001da0        0x8 d:/environments/embedded/gnu_tools_arm_embedded/bin/../lib/gcc/arm-none-eabi/10.3.1/thumb/v7-m/nofp/crtn.o
 *(.fini)
 .fini          0x08001da8        0x4 d:/environments/embedded/gnu_tools_arm_embedded/bin/../lib/gcc/arm-none-eabi/10.3.1/thumb/v7-m/nofp/crti.o
                0x08001da8                _fini
 .fini          0x08001dac        0x8 d:/environments/embedded/gnu_tools_arm_embedded/bin/../lib/gcc/arm-none-eabi/10.3.1/thumb/v7-m/nofp/crtn.o
                0x08001db4                . = ALIGN (0x4)
                0x08001db4                _etext = .

.vfp11_veneer   0x08001db4        0x0
 .vfp11_veneer  0x08001db4        0x0 linker stubs

.v4_bx          0x08001db4        0x0
 .v4_bx         0x08001db4        0x0 linker stubs

.iplt           0x08001db4        0x0
 .iplt          0x08001db4        0x0 d:/environments/embedded/gnu_tools_arm_embedded/bin/../lib/gcc/arm-none-eabi/10.3.1/thumb/v7-m/nofp/crtbegin.o

.rodata         0x08001db4        0xc
                0x08001db4                . = ALIGN (0x4)
 *(.rodata)
 *(.rodata*)
 .rodata._GLOBAL__sub_I_led.str1.4
                0x08001db4        0x8 CMakeFiles/Template_For_F103VET6.elf.dir/User/main.cpp.obj
 .rodata._global_impure_ptr
                0x08001dbc        0x4 d:/environments/embedded/gnu_tools_arm_embedded/bin/../lib/gcc/arm-none-eabi/10.3.1/../../../../arm-none-eabi/lib/thumb/v7-m/nofp\libc.a(lib_a-impure.o)
                0x08001dbc                _global_impure_ptr
                0x08001dc0                . = ALIGN (0x4)

.ARM.extab      0x08001dc0       0x48
 *(.ARM.extab* .gnu.linkonce.armextab.*)
 .ARM.extab.text._ZN8UserGPIO7setModeE16GPIOMode_TypeDef
                0x08001dc0        0xc CMakeFiles/Template_For_F103VET6.elf.dir/User/Drivers/Src/user_gpio.cpp.obj
 .ARM.extab.text._ZN8UserGPIO8setStateE9BitAction
                0x08001dcc        0xc CMakeFiles/Template_For_F103VET6.elf.dir/User/Drivers/Src/user_gpio.cpp.obj
 .ARM.extab.text.TIM2_IRQHandler
                0x08001dd8        0xc CMakeFiles/Template_For_F103VET6.elf.dir/User/main.cpp.obj
 .ARM.extab.text.Main
                0x08001de4        0xc CMakeFiles/Template_For_F103VET6.elf.dir/User/main.cpp.obj
 .ARM.extab     0x08001df0       0x18 d:/environments/embedded/gnu_tools_arm_embedded/bin/../lib/gcc/arm-none-eabi/10.3.1/thumb/v7-m/nofp\libgcc.a(pr-support.o)

.ARM            0x08001e08      0x128
                0x08001e08                __exidx_start = .
 *(.ARM.exidx*)
 .ARM.exidx.text._ZN8UserGPIOC2Ev
                0x08001ec0        0x8 CMakeFiles/Template_For_F103VET6.elf.dir/User/Drivers/Src/user_gpio.cpp.obj
 .ARM.exidx.text._ZN8UserGPIOC2EPKc
                0x08001ec8        0x8 CMakeFiles/Template_For_F103VET6.elf.dir/User/Drivers/Src/user_gpio.cpp.obj
 .ARM.exidx.text._ZN8UserGPIO7setModeE16GPIOMode_TypeDef
                0x08001ed0        0x8 CMakeFiles/Template_For_F103VET6.elf.dir/User/Drivers/Src/user_gpio.cpp.obj
 .ARM.exidx.text._ZN8UserGPIO8setStateE9BitAction
                0x08001ed8        0x8 CMakeFiles/Template_For_F103VET6.elf.dir/User/Drivers/Src/user_gpio.cpp.obj
 .ARM.exidx.text._ZN8UserGPIO8getStateEv
                0x08001ee0        0x8 CMakeFiles/Template_For_F103VET6.elf.dir/User/Drivers/Src/user_gpio.cpp.obj
 .ARM.exidx.text._ZN7UserKeyC2ERK8UserGPIOb
                0x08001ee8        0x8 CMakeFiles/Template_For_F103VET6.elf.dir/User/Drivers/Src/user_key.cpp.obj
 .ARM.exidx.text._ZN7UserLEDC2ERK8UserGPIO
                0x08001ef0        0x8 CMakeFiles/Template_For_F103VET6.elf.dir/User/Drivers/Src/user_led.cpp.obj
 .ARM.exidx.text._ZN7UserLED6toggleEv
                0x08001ef8        0x8 CMakeFiles/Template_For_F103VET6.elf.dir/User/Drivers/Src/user_led.cpp.obj
 .ARM.exidx.text._ZN7UserRCC15EnableGPIOClockEP12GPIO_TypeDef
                0x08001f00        0x8 CMakeFiles/Template_For_F103VET6.elf.dir/User/Drivers/Src/user_rcc.cpp.obj
 .ARM.exidx.text._ZN7UserTIMC2EP11TIM_TypeDeftt
                0x08001f08        0x8 CMakeFiles/Template_For_F103VET6.elf.dir/User/Drivers/Src/user_tim.cpp.obj
 .ARM.exidx.text._Z13Example_Timerv
                0x08001f10        0x8 CMakeFiles/Template_For_F103VET6.elf.dir/User/main.cpp.obj
 .ARM.exidx.text.TIM2_IRQHandler
                0x08001f18        0x8 CMakeFiles/Template_For_F103VET6.elf.dir/User/main.cpp.obj
 .ARM.exidx.text.Main
                0x08001f20        0x8 CMakeFiles/Template_For_F103VET6.elf.dir/User/main.cpp.obj
 .ARM.exidx.text.startup._GLOBAL__sub_I_led
                0x08001f28        0x8 CMakeFiles/Template_For_F103VET6.elf.dir/User/main.cpp.obj
 .ARM.exidx     0x08001e08       0x80 d:/environments/embedded/gnu_tools_arm_embedded/bin/../lib/gcc/arm-none-eabi/10.3.1/thumb/v7-m/nofp\libgcc.a(unwind-arm.o)
                                 0xd8 (size before relaxing)
 .ARM.exidx     0x08001e88       0x38 d:/environments/embedded/gnu_tools_arm_embedded/bin/../lib/gcc/arm-none-eabi/10.3.1/thumb/v7-m/nofp\libgcc.a(pr-support.o)
                0x08001f30                __exidx_end = .

.rel.dyn        0x08001f30        0x0
 .rel.iplt      0x08001f30        0x0 d:/environments/embedded/gnu_tools_arm_embedded/bin/../lib/gcc/arm-none-eabi/10.3.1/thumb/v7-m/nofp/crtbegin.o

.preinit_array  0x08001f30        0x0
                0x08001f30                PROVIDE (__preinit_array_start = .)
 *(.preinit_array*)
                0x08001f30                PROVIDE (__preinit_array_end = .)

.init_array     0x08001f30        0xc
                0x08001f30                PROVIDE (__init_array_start = .)
 *(SORT_BY_NAME(.init_array.*))
 .init_array.00000
                0x08001f30        0x4 d:/environments/embedded/gnu_tools_arm_embedded/bin/../lib/gcc/arm-none-eabi/10.3.1/../../../../arm-none-eabi/lib/thumb/v7-m/nofp\libc.a(lib_a-__call_atexit.o)
 *(.init_array*)
 .init_array    0x08001f34        0x4 d:/environments/embedded/gnu_tools_arm_embedded/bin/../lib/gcc/arm-none-eabi/10.3.1/thumb/v7-m/nofp/crtbegin.o
 .init_array    0x08001f38        0x4 CMakeFiles/Template_For_F103VET6.elf.dir/User/main.cpp.obj
                0x08001f3c                PROVIDE (__init_array_end = .)

.fini_array     0x08001f3c        0x4
                0x08001f3c                PROVIDE (__fini_array_start = .)
 *(SORT_BY_NAME(.fini_array.*))
 *(.fini_array*)
 .fini_array    0x08001f3c        0x4 d:/environments/embedded/gnu_tools_arm_embedded/bin/../lib/gcc/arm-none-eabi/10.3.1/thumb/v7-m/nofp/crtbegin.o
                0x08001f40                PROVIDE (__fini_array_end = .)
                0x08001f40                _sidata = LOADADDR (.data)

.data           0x20000000      0x434 load address 0x08001f40
                0x20000000                . = ALIGN (0x4)
                0x20000000                _sdata = .
 *(.data)
 *(.data*)
 .data._impure_ptr
                0x20000000        0x4 d:/environments/embedded/gnu_tools_arm_embedded/bin/../lib/gcc/arm-none-eabi/10.3.1/../../../../arm-none-eabi/lib/thumb/v7-m/nofp\libc.a(lib_a-impure.o)
                0x20000000                _impure_ptr
 *fill*         0x20000004        0x4 
 .data.impure_data
                0x20000008      0x428 d:/environments/embedded/gnu_tools_arm_embedded/bin/../lib/gcc/arm-none-eabi/10.3.1/../../../../arm-none-eabi/lib/thumb/v7-m/nofp\libc.a(lib_a-impure.o)
 .data.__atexit_recursive_mutex
                0x20000430        0x4 d:/environments/embedded/gnu_tools_arm_embedded/bin/../lib/gcc/arm-none-eabi/10.3.1/../../../../arm-none-eabi/lib/thumb/v7-m/nofp\libc.a(lib_a-__call_atexit.o)
                0x20000430                __atexit_recursive_mutex
                0x20000434                . = ALIGN (0x4)
                0x20000434                _edata = .

.igot.plt       0x20000434        0x0 load address 0x08002374
 .igot.plt      0x20000434        0x0 d:/environments/embedded/gnu_tools_arm_embedded/bin/../lib/gcc/arm-none-eabi/10.3.1/thumb/v7-m/nofp/crtbegin.o
                0x20000434                . = ALIGN (0x4)

.bss            0x20000434       0x3c load address 0x08002374
                0x20000434                _sbss = .
                0x20000434                __bss_start__ = _sbss
 *(.bss)
 .bss           0x20000434       0x1c d:/environments/embedded/gnu_tools_arm_embedded/bin/../lib/gcc/arm-none-eabi/10.3.1/thumb/v7-m/nofp/crtbegin.o
 *(.bss*)
 .bss.key       0x20000450        0xc CMakeFiles/Template_For_F103VET6.elf.dir/User/main.cpp.obj
                0x20000450                key
 .bss.led       0x2000045c        0xc CMakeFiles/Template_For_F103VET6.elf.dir/User/main.cpp.obj
                0x2000045c                led
 .bss.__lock___atexit_recursive_mutex
                0x20000468        0x1 d:/environments/embedded/gnu_tools_arm_embedded/bin/../lib/gcc/arm-none-eabi/10.3.1/../../../../arm-none-eabi/lib/thumb/v7-m/nofp\libc.a(lib_a-lock.o)
                0x20000468                __lock___atexit_recursive_mutex
 *fill*         0x20000469        0x3 
 .bss.errno     0x2000046c        0x4 d:/environments/embedded/gnu_tools_arm_embedded/bin/../lib/gcc/arm-none-eabi/10.3.1/../../../../arm-none-eabi/lib/thumb/v7-m/nofp\libc.a(lib_a-reent.o)
                0x2000046c                errno
 *(COMMON)
                0x20000470                . = ALIGN (0x4)
                0x20000470                _ebss = .
                0x20000470                __bss_end__ = _ebss

._user_heap_stack
                0x20000470      0x600 load address 0x08002374
                0x20000470                . = ALIGN (0x8)
                0x20000470                PROVIDE (end = .)
                [!provide]                PROVIDE (_end = .)
                0x20000670                . = (. + _Min_Heap_Size)
 *fill*         0x20000470      0x200 
                0x20000a70                . = (. + _Min_Stack_Size)
 *fill*         0x20000670      0x400 
                0x20000a70                . = ALIGN (0x8)

/DISCARD/
 libc.a(*)
 libm.a(*)
 libgcc.a(*)

.ARM.attributes
                0x00000000       0x29
 *(.ARM.attributes)
 .ARM.attributes
                0x00000000       0x1d d:/environments/embedded/gnu_tools_arm_embedded/bin/../lib/gcc/arm-none-eabi/10.3.1/thumb/v7-m/nofp/crti.o
 .ARM.attributes
                0x0000001d       0x2d d:/environments/embedded/gnu_tools_arm_embedded/bin/../lib/gcc/arm-none-eabi/10.3.1/thumb/v7-m/nofp/crtbegin.o
 .ARM.attributes
                0x0000004a       0x29 CMakeFiles/Template_For_F103VET6.elf.dir/Core/Src/main.c.obj
 .ARM.attributes
                0x00000073       0x29 CMakeFiles/Template_For_F103VET6.elf.dir/Core/Src/stm32f10x_it.c.obj
 .ARM.attributes
                0x0000009c       0x21 CMakeFiles/Template_For_F103VET6.elf.dir/Core/Startup/startup_stm32f103xe.s.obj
 .ARM.attributes
                0x000000bd       0x29 CMakeFiles/Template_For_F103VET6.elf.dir/Drivers/CMSIS/Device/system_stm32f10x.c.obj
 .ARM.attributes
                0x000000e6       0x29 CMakeFiles/Template_For_F103VET6.elf.dir/Drivers/STM32F10x_StdPeriph_Driver/Src/misc.c.obj
 .ARM.attributes
                0x0000010f       0x29 CMakeFiles/Template_For_F103VET6.elf.dir/Drivers/STM32F10x_StdPeriph_Driver/Src/stm32f10x_gpio.c.obj
 .ARM.attributes
                0x00000138       0x29 CMakeFiles/Template_For_F103VET6.elf.dir/Drivers/STM32F10x_StdPeriph_Driver/Src/stm32f10x_rcc.c.obj
 .ARM.attributes
                0x00000161       0x29 CMakeFiles/Template_For_F103VET6.elf.dir/Drivers/STM32F10x_StdPeriph_Driver/Src/stm32f10x_tim.c.obj
 .ARM.attributes
                0x0000018a       0x29 CMakeFiles/Template_For_F103VET6.elf.dir/User/Drivers/Src/user_gpio.cpp.obj
 .ARM.attributes
                0x000001b3       0x29 CMakeFiles/Template_For_F103VET6.elf.dir/User/Drivers/Src/user_key.cpp.obj
 .ARM.attributes
                0x000001dc       0x29 CMakeFiles/Template_For_F103VET6.elf.dir/User/Drivers/Src/user_led.cpp.obj
 .ARM.attributes
                0x00000205       0x29 CMakeFiles/Template_For_F103VET6.elf.dir/User/Drivers/Src/user_rcc.cpp.obj
 .ARM.attributes
                0x0000022e       0x29 CMakeFiles/Template_For_F103VET6.elf.dir/User/Drivers/Src/user_tim.cpp.obj
 .ARM.attributes
                0x00000257       0x29 CMakeFiles/Template_For_F103VET6.elf.dir/User/main.cpp.obj
 .ARM.attributes
                0x00000280       0x2d d:/environments/embedded/gnu_tools_arm_embedded/bin/../lib/gcc/arm-none-eabi/10.3.1/thumb/v7-m/nofp\libgcc.a(unwind-arm.o)
 .ARM.attributes
                0x000002ad       0x1d d:/environments/embedded/gnu_tools_arm_embedded/bin/../lib/gcc/arm-none-eabi/10.3.1/thumb/v7-m/nofp\libgcc.a(libunwind.o)
 .ARM.attributes
                0x000002ca       0x2d d:/environments/embedded/gnu_tools_arm_embedded/bin/../lib/gcc/arm-none-eabi/10.3.1/thumb/v7-m/nofp\libgcc.a(pr-support.o)
 .ARM.attributes
                0x000002f7       0x2d d:/environments/embedded/gnu_tools_arm_embedded/bin/../lib/gcc/arm-none-eabi/10.3.1/../../../../arm-none-eabi/lib/thumb/v7-m/nofp\libc.a(lib_a-abort.o)
 .ARM.attributes
                0x00000324       0x2d d:/environments/embedded/gnu_tools_arm_embedded/bin/../lib/gcc/arm-none-eabi/10.3.1/../../../../arm-none-eabi/lib/thumb/v7-m/nofp\libc.a(lib_a-errno.o)
 .ARM.attributes
                0x00000351       0x2d d:/environments/embedded/gnu_tools_arm_embedded/bin/../lib/gcc/arm-none-eabi/10.3.1/../../../../arm-none-eabi/lib/thumb/v7-m/nofp\libc.a(lib_a-impure.o)
 .ARM.attributes
                0x0000037e       0x2d d:/environments/embedded/gnu_tools_arm_embedded/bin/../lib/gcc/arm-none-eabi/10.3.1/../../../../arm-none-eabi/lib/thumb/v7-m/nofp\libc.a(lib_a-init.o)
 .ARM.attributes
                0x000003ab       0x1b d:/environments/embedded/gnu_tools_arm_embedded/bin/../lib/gcc/arm-none-eabi/10.3.1/../../../../arm-none-eabi/lib/thumb/v7-m/nofp\libc.a(lib_a-memcpy.o)
 .ARM.attributes
                0x000003c6       0x2d d:/environments/embedded/gnu_tools_arm_embedded/bin/../lib/gcc/arm-none-eabi/10.3.1/../../../../arm-none-eabi/lib/thumb/v7-m/nofp\libc.a(lib_a-signal.o)
 .ARM.attributes
                0x000003f3       0x2d d:/environments/embedded/gnu_tools_arm_embedded/bin/../lib/gcc/arm-none-eabi/10.3.1/../../../../arm-none-eabi/lib/thumb/v7-m/nofp\libc.a(lib_a-signalr.o)
 .ARM.attributes
                0x00000420       0x2d d:/environments/embedded/gnu_tools_arm_embedded/bin/../lib/gcc/arm-none-eabi/10.3.1/../../../../arm-none-eabi/lib/thumb/v7-m/nofp\libc.a(lib_a-strlen-stub.o)
 .ARM.attributes
                0x0000044d       0x2d d:/environments/embedded/gnu_tools_arm_embedded/bin/../lib/gcc/arm-none-eabi/10.3.1/../../../../arm-none-eabi/lib/thumb/v7-m/nofp\libc.a(lib_a-__call_atexit.o)
 .ARM.attributes
                0x0000047a       0x2d d:/environments/embedded/gnu_tools_arm_embedded/bin/../lib/gcc/arm-none-eabi/10.3.1/../../../../arm-none-eabi/lib/thumb/v7-m/nofp\libc.a(lib_a-atexit.o)
 .ARM.attributes
                0x000004a7       0x2d d:/environments/embedded/gnu_tools_arm_embedded/bin/../lib/gcc/arm-none-eabi/10.3.1/../../../../arm-none-eabi/lib/thumb/v7-m/nofp\libc.a(lib_a-fini.o)
 .ARM.attributes
                0x000004d4       0x2d d:/environments/embedded/gnu_tools_arm_embedded/bin/../lib/gcc/arm-none-eabi/10.3.1/../../../../arm-none-eabi/lib/thumb/v7-m/nofp\libc.a(lib_a-lock.o)
 .ARM.attributes
                0x00000501       0x2d d:/environments/embedded/gnu_tools_arm_embedded/bin/../lib/gcc/arm-none-eabi/10.3.1/../../../../arm-none-eabi/lib/thumb/v7-m/nofp\libc.a(lib_a-reent.o)
 .ARM.attributes
                0x0000052e       0x2d d:/environments/embedded/gnu_tools_arm_embedded/bin/../lib/gcc/arm-none-eabi/10.3.1/../../../../arm-none-eabi/lib/thumb/v7-m/nofp\libc.a(lib_a-__atexit.o)
 .ARM.attributes
                0x0000055b       0x1d d:/environments/embedded/gnu_tools_arm_embedded/bin/../lib/gcc/arm-none-eabi/10.3.1/thumb/v7-m/nofp/crtn.o
OUTPUT(Template_For_F103VET6.elf elf32-littlearm)
LOAD linker stubs
LOAD d:/environments/embedded/gnu_tools_arm_embedded/bin/../lib/gcc/arm-none-eabi/10.3.1/../../../../arm-none-eabi/lib/thumb/v7-m/nofp\libc.a
LOAD d:/environments/embedded/gnu_tools_arm_embedded/bin/../lib/gcc/arm-none-eabi/10.3.1/../../../../arm-none-eabi/lib/thumb/v7-m/nofp\libm.a
LOAD d:/environments/embedded/gnu_tools_arm_embedded/bin/../lib/gcc/arm-none-eabi/10.3.1/thumb/v7-m/nofp\libgcc.a

.comment        0x00000000       0x49
 .comment       0x00000000       0x49 CMakeFiles/Template_For_F103VET6.elf.dir/Core/Src/main.c.obj
                                 0x4a (size before relaxing)
 .comment       0x00000049       0x4a CMakeFiles/Template_For_F103VET6.elf.dir/Core/Src/stm32f10x_it.c.obj
 .comment       0x00000049       0x4a CMakeFiles/Template_For_F103VET6.elf.dir/Drivers/CMSIS/Device/system_stm32f10x.c.obj
 .comment       0x00000049       0x4a CMakeFiles/Template_For_F103VET6.elf.dir/Drivers/STM32F10x_StdPeriph_Driver/Src/misc.c.obj
 .comment       0x00000049       0x4a CMakeFiles/Template_For_F103VET6.elf.dir/Drivers/STM32F10x_StdPeriph_Driver/Src/stm32f10x_gpio.c.obj
 .comment       0x00000049       0x4a CMakeFiles/Template_For_F103VET6.elf.dir/Drivers/STM32F10x_StdPeriph_Driver/Src/stm32f10x_rcc.c.obj
 .comment       0x00000049       0x4a CMakeFiles/Template_For_F103VET6.elf.dir/Drivers/STM32F10x_StdPeriph_Driver/Src/stm32f10x_tim.c.obj
 .comment       0x00000049       0x4a CMakeFiles/Template_For_F103VET6.elf.dir/User/Drivers/Src/user_gpio.cpp.obj
 .comment       0x00000049       0x4a CMakeFiles/Template_For_F103VET6.elf.dir/User/Drivers/Src/user_key.cpp.obj
 .comment       0x00000049       0x4a CMakeFiles/Template_For_F103VET6.elf.dir/User/Drivers/Src/user_led.cpp.obj
 .comment       0x00000049       0x4a CMakeFiles/Template_For_F103VET6.elf.dir/User/Drivers/Src/user_rcc.cpp.obj
 .comment       0x00000049       0x4a CMakeFiles/Template_For_F103VET6.elf.dir/User/Drivers/Src/user_tim.cpp.obj
 .comment       0x00000049       0x4a CMakeFiles/Template_For_F103VET6.elf.dir/User/main.cpp.obj

.debug_frame    0x00000000      0x7b0
 .debug_frame   0x00000000      0x2e0 d:/environments/embedded/gnu_tools_arm_embedded/bin/../lib/gcc/arm-none-eabi/10.3.1/thumb/v7-m/nofp\libgcc.a(unwind-arm.o)
 .debug_frame   0x000002e0       0xf4 d:/environments/embedded/gnu_tools_arm_embedded/bin/../lib/gcc/arm-none-eabi/10.3.1/thumb/v7-m/nofp\libgcc.a(pr-support.o)
 .debug_frame   0x000003d4       0x28 d:/environments/embedded/gnu_tools_arm_embedded/bin/../lib/gcc/arm-none-eabi/10.3.1/../../../../arm-none-eabi/lib/thumb/v7-m/nofp\libc.a(lib_a-abort.o)
 .debug_frame   0x000003fc       0x20 d:/environments/embedded/gnu_tools_arm_embedded/bin/../lib/gcc/arm-none-eabi/10.3.1/../../../../arm-none-eabi/lib/thumb/v7-m/nofp\libc.a(lib_a-errno.o)
 .debug_frame   0x0000041c       0x2c d:/environments/embedded/gnu_tools_arm_embedded/bin/../lib/gcc/arm-none-eabi/10.3.1/../../../../arm-none-eabi/lib/thumb/v7-m/nofp\libc.a(lib_a-init.o)
 .debug_frame   0x00000448      0x114 d:/environments/embedded/gnu_tools_arm_embedded/bin/../lib/gcc/arm-none-eabi/10.3.1/../../../../arm-none-eabi/lib/thumb/v7-m/nofp\libc.a(lib_a-signal.o)
 .debug_frame   0x0000055c       0x3c d:/environments/embedded/gnu_tools_arm_embedded/bin/../lib/gcc/arm-none-eabi/10.3.1/../../../../arm-none-eabi/lib/thumb/v7-m/nofp\libc.a(lib_a-signalr.o)
 .debug_frame   0x00000598       0x20 d:/environments/embedded/gnu_tools_arm_embedded/bin/../lib/gcc/arm-none-eabi/10.3.1/../../../../arm-none-eabi/lib/thumb/v7-m/nofp\libc.a(lib_a-strlen-stub.o)
 .debug_frame   0x000005b8       0x5c d:/environments/embedded/gnu_tools_arm_embedded/bin/../lib/gcc/arm-none-eabi/10.3.1/../../../../arm-none-eabi/lib/thumb/v7-m/nofp\libc.a(lib_a-__call_atexit.o)
 .debug_frame   0x00000614       0x20 d:/environments/embedded/gnu_tools_arm_embedded/bin/../lib/gcc/arm-none-eabi/10.3.1/../../../../arm-none-eabi/lib/thumb/v7-m/nofp\libc.a(lib_a-atexit.o)
 .debug_frame   0x00000634       0x34 d:/environments/embedded/gnu_tools_arm_embedded/bin/../lib/gcc/arm-none-eabi/10.3.1/../../../../arm-none-eabi/lib/thumb/v7-m/nofp\libc.a(lib_a-fini.o)
 .debug_frame   0x00000668       0xb0 d:/environments/embedded/gnu_tools_arm_embedded/bin/../lib/gcc/arm-none-eabi/10.3.1/../../../../arm-none-eabi/lib/thumb/v7-m/nofp\libc.a(lib_a-lock.o)
 .debug_frame   0x00000718       0x64 d:/environments/embedded/gnu_tools_arm_embedded/bin/../lib/gcc/arm-none-eabi/10.3.1/../../../../arm-none-eabi/lib/thumb/v7-m/nofp\libc.a(lib_a-reent.o)
 .debug_frame   0x0000077c       0x34 d:/environments/embedded/gnu_tools_arm_embedded/bin/../lib/gcc/arm-none-eabi/10.3.1/../../../../arm-none-eabi/lib/thumb/v7-m/nofp\libc.a(lib_a-__atexit.o)
